[0m07:56:20.392229 [debug] [MainThread]: Sending event: {'category': 'dbt', 'action': 'invocation', 'label': 'start', 'context': [<snowplow_tracker.self_describing_json.SelfDescribingJson object at 0x000001F38E0D17F0>, <snowplow_tracker.self_describing_json.SelfDescribingJson object at 0x000001F38BA50F50>, <snowplow_tracker.self_describing_json.SelfDescribingJson object at 0x000001F39099B890>]}


============================== 07:56:20.397733 | 0bd2de6d-e56e-4d66-8fc2-d8ef3881c3d3 ==============================
[0m07:56:20.397733 [info ] [MainThread]: Running with dbt=1.12.3
[0m07:56:20.398361 [debug] [MainThread]: running dbt with arguments {'static_parser': 'True', 'no_print': 'None', 'maximum_seed_size_mib': '1', 'target_path': 'None', 'warn_error_options': 'WarnErrorOptionsV2(error=[], warn=[], silence=[])', 'version_check': 'True', 'printer_width': '80', 'write_json': 'True', 'introspect': 'True', 'log_cache_events': 'False', 'empty': 'None', 'cache_selected_only': 'False', 'log_format': 'default', 'debug': 'False', 'fail_fast': 'False', 'partial_parse': 'True', 'send_anonymous_usage_stats': 'True', 'quiet': 'False', 'warn_error': 'None', 'profiles_dir': 'C:\\Users\\User\\.dbt', 'indirect_selection': 'eager', 'hints_enabled': 'True', 'use_colors': 'True', 'use_experimental_parser': 'False', 'invocation_command': 'dbt parse --project-dir dbt_soccer', 'log_path': 'dbt_soccer\\logs'}
[0m07:56:20.709290 [debug] [MainThread]: Sending event: {'category': 'dbt', 'action': 'project_id', 'label': '0bd2de6d-e56e-4d66-8fc2-d8ef3881c3d3', 'context': [<snowplow_tracker.self_describing_json.SelfDescribingJson object at 0x000001F3907EAD70>]}
[0m07:56:20.787261 [debug] [MainThread]: Sending event: {'category': 'dbt', 'action': 'adapter_info', 'label': '0bd2de6d-e56e-4d66-8fc2-d8ef3881c3d3', 'context': [<snowplow_tracker.self_describing_json.SelfDescribingJson object at 0x000001F38BA4D040>]}
[0m07:56:20.788821 [info ] [MainThread]: Registered adapter: sqlserver=1.11.1
[0m07:56:21.117949 [warn ] [MainThread]: [[33mWARNING[0m]: When True, uses SQL Server-native string type mappings: STRING -> VARCHAR(MAX), NCHAR -> NCHAR(1), NVARCHAR -> NVARCHAR(4000). When False (default), preserves legacy mappings: STRING and NVARCHAR -> VARCHAR(8000), NCHAR -> CHAR(1). The new behaviour is intended to become the default in a future release.
You may opt into the new behavior sooner by setting `flags.dbt_sqlserver_use_native_string_types` to `True` in `dbt_project.yml`.
Visit https://docs.getdbt.com/reference/global-configs/behavior-changes for more information.
[0m07:56:21.118680 [debug] [MainThread]: Sending event: {'category': 'dbt', 'action': 'BehaviorChangeEvent', 'label': '0bd2de6d-e56e-4d66-8fc2-d8ef3881c3d3', 'context': [<snowplow_tracker.self_describing_json.SelfDescribingJson object at 0x000001F390D9F750>]}
[0m07:56:21.119024 [warn ] [MainThread]: [[33mWARNING[0m]: When True, dbt transaction hooks (begin/commit) emit real T-SQL BEGIN TRANSACTION / COMMIT TRANSACTION statements. When False (default and legacy), begin/commit are no-ops and each statement is auto-committed by the driver. This means earlier successful statements are not rolled back if a later statement fails. This behavior is intended to become the default in a future release.
You may opt into the new behavior sooner by setting `flags.dbt_sqlserver_use_dbt_transactions` to `True` in `dbt_project.yml`.
Visit https://docs.getdbt.com/reference/global-configs/behavior-changes for more information.
[0m07:56:21.119418 [debug] [MainThread]: Sending event: {'category': 'dbt', 'action': 'BehaviorChangeEvent', 'label': '0bd2de6d-e56e-4d66-8fc2-d8ef3881c3d3', 'context': [<snowplow_tracker.self_describing_json.SelfDescribingJson object at 0x000001F3910AAD50>]}
[0m07:56:21.129832 [debug] [MainThread]: checksum: 6a4ca4c5c7de4342f73942c2ccbb608b36bc571db1ada2afd6982fe41d5b2923, vars: {}, profile: dbt_soccer, target: dev, version: 1.12.3
[0m07:56:21.130885 [info ] [MainThread]: Unable to do partial parsing because saved manifest not found. Starting full parse.
[0m07:56:21.131331 [debug] [MainThread]: Sending event: {'category': 'dbt', 'action': 'partial_parser', 'label': '0bd2de6d-e56e-4d66-8fc2-d8ef3881c3d3', 'context': [<snowplow_tracker.self_describing_json.SelfDescribingJson object at 0x000001F39110DE10>]}
[0m07:56:22.248549 [warn ] [MainThread]: [[33mWARNING[0m]: When True, uses dbt-core's standard schema concatenation (`target.schema` + `_` + `custom_schema_name`). When False (default), uses legacy adapter behaviour: `custom_schema_name` is used directly without prefixing `target.schema`. For a permanent solution, override the `sqlserver__generate_schema_name` macro in your project instead.
You may opt into the new behavior sooner by setting `flags.dbt_sqlserver_use_default_schema_concat` to `True` in `dbt_project.yml`.
Visit https://docs.getdbt.com/reference/global-configs/behavior-changes for more information.
[0m07:56:22.249731 [debug] [MainThread]: Sending event: {'category': 'dbt', 'action': 'BehaviorChangeEvent', 'label': '0bd2de6d-e56e-4d66-8fc2-d8ef3881c3d3', 'context': [<snowplow_tracker.self_describing_json.SelfDescribingJson object at 0x000001F391B3D8B0>]}
[0m07:56:22.823119 [debug] [MainThread]: Sending event: {'category': 'dbt', 'action': 'load_project', 'label': '0bd2de6d-e56e-4d66-8fc2-d8ef3881c3d3', 'context': [<snowplow_tracker.self_describing_json.SelfDescribingJson object at 0x000001F392D32B10>]}
[0m07:56:22.827687 [info ] [MainThread]: Performance info: dbt_soccer\target\perf_info.json
[0m07:56:22.947898 [debug] [MainThread]: Wrote artifact WritableManifest to dbt_soccer\target\manifest.json
[0m07:56:22.952666 [debug] [MainThread]: Wrote artifact SemanticManifest to dbt_soccer\target\semantic_manifest.json
[0m07:56:22.996869 [debug] [MainThread]: Wrote artifact OsiDocument to dbt_soccer\target\osi_document.json
[0m07:56:22.997958 [debug] [MainThread]: Command `dbt parse` succeeded at 07:56:22.997816 after 2.75 seconds
[0m07:56:22.998322 [debug] [MainThread]: Sending event: {'category': 'dbt', 'action': 'invocation', 'label': 'end', 'context': [<snowplow_tracker.self_describing_json.SelfDescribingJson object at 0x000001F38D350890>, <snowplow_tracker.self_describing_json.SelfDescribingJson object at 0x000001F3933EB930>, <snowplow_tracker.self_describing_json.SelfDescribingJson object at 0x000001F3933EB9D0>]}
[0m07:56:22.998881 [debug] [MainThread]: Flushing usage events
[0m07:56:23.863185 [debug] [MainThread]: An error was encountered while trying to flush usage events
